This is pdfTeX, Version 3.14159265-2.6-1.40.21 (TeX Live 2020) (preloaded format=pdflatex 2026.3.27)  29 APR 2026 12:42
entering extended mode
 restricted \write18 enabled.
 %&-line parsing enabled.
**main.tex
(./main.tex
LaTeX2e <2020-10-01> patch level 4
L3 programming layer <2021-02-18>
(/usr/share/texlive/texmf-dist/tex/latex/base/article.cls
Document Class: article 2020/04/10 v1.4m Standard LaTeX document class
(/usr/share/texlive/texmf-dist/tex/latex/base/size10.clo
File: size10.clo 2020/04/10 v1.4m Standard LaTeX file (size option)
)
\c@part=\count179
\c@section=\count180
\c@subsection=\count181
\c@subsubsection=\count182
\c@paragraph=\count183
\c@subparagraph=\count184
\c@figure=\count185
\c@table=\count186
\abovecaptionskip=\skip47
\belowcaptionskip=\skip48
\bibindent=\dimen138
)
(/usr/share/texlive/texmf-dist/tex/latex/geometry/geometry.sty
Package: geometry 2020/01/02 v5.9 Page Geometry

(/usr/share/texlive/texmf-dist/tex/latex/graphics/keyval.sty
Package: keyval 2014/10/28 v1.15 key=value parser (DPC)
\KV@toks@=\toks15
)
(/usr/share/texlive/texmf-dist/tex/generic/iftex/ifvtex.sty
Package: ifvtex 2019/10/25 v1.7 ifvtex legacy package. Use iftex instead.

(/usr/share/texlive/texmf-dist/tex/generic/iftex/iftex.sty
Package: iftex 2020/03/06 v1.0d TeX engine tests
))
\Gm@cnth=\count187
\Gm@cntv=\count188
\c@Gm@tempcnt=\count189
\Gm@bindingoffset=\dimen139
\Gm@wd@mp=\dimen140
\Gm@odd@mp=\dimen141
\Gm@even@mp=\dimen142
\Gm@layoutwidth=\dimen143
\Gm@layoutheight=\dimen144
\Gm@layouthoffset=\dimen145
\Gm@layoutvoffset=\dimen146
\Gm@dimlist=\toks16
)
(/usr/share/texlive/texmf-dist/tex/latex/base/fontenc.sty
Package: fontenc 2020/08/10 v2.0s Standard LaTeX package
)
(/usr/share/texlive/texmf-dist/tex/latex/base/inputenc.sty
Package: inputenc 2020/08/01 v1.3d Input encoding file
\inpenc@prehook=\toks17
\inpenc@posthook=\toks18
)
(/usr/share/texlive/texmf-dist/tex/latex/microtype/microtype.sty
Package: microtype 2021/03/14 v2.8c Micro-typographical refinements (RS)
\MT@toks=\toks19
\MT@count=\count190
LaTeX Info: Redefining \textls on input line 790.
\MT@outer@kern=\dimen147
LaTeX Info: Redefining \textmicrotypecontext on input line 1374.
\MT@listname@count=\count191

(/usr/share/texlive/texmf-dist/tex/latex/microtype/microtype-pdftex.def
File: microtype-pdftex.def 2021/03/14 v2.8c Definitions specific to pdftex (RS)

LaTeX Info: Redefining \lsstyle on input line 915.
LaTeX Info: Redefining \lslig on input line 915.
\MT@outer@space=\skip49
)
Package microtype Info: Loading configuration file microtype.cfg.

(/usr/share/texlive/texmf-dist/tex/latex/microtype/microtype.cfg
File: microtype.cfg 2021/03/14 v2.8c microtype main configuration file (RS)
))
(/usr/share/texlive/texmf-dist/tex/latex/psnfss/times.sty
Package: times 2020/03/25 PSNFSS-v9.3 (SPQR) 
)
(/usr/share/texlive/texmf-dist/tex/latex/amsmath/amsmath.sty
Package: amsmath 2020/09/23 v2.17i AMS math features
\@mathmargin=\skip50

For additional information on amsmath, use the `?' option.
(/usr/share/texlive/texmf-dist/tex/latex/amsmath/amstext.sty
Package: amstext 2000/06/29 v2.01 AMS text

(/usr/share/texlive/texmf-dist/tex/latex/amsmath/amsgen.sty
File: amsgen.sty 1999/11/30 v2.0 generic functions
\@emptytoks=\toks20
\ex@=\dimen148
))
(/usr/share/texlive/texmf-dist/tex/latex/amsmath/amsbsy.sty
Package: amsbsy 1999/11/29 v1.2d Bold Symbols
\pmbraise@=\dimen149
)
(/usr/share/texlive/texmf-dist/tex/latex/amsmath/amsopn.sty
Package: amsopn 2016/03/08 v2.02 operator names
)
\inf@bad=\count192
LaTeX Info: Redefining \frac on input line 234.
\uproot@=\count193
\leftroot@=\count194
LaTeX Info: Redefining \overline on input line 399.
\classnum@=\count195
\DOTSCASE@=\count196
LaTeX Info: Redefining \ldots on input line 496.
LaTeX Info: Redefining \dots on input line 499.
LaTeX Info: Redefining \cdots on input line 620.
\Mathstrutbox@=\box47
\strutbox@=\box48
\big@size=\dimen150
LaTeX Font Info:    Redeclaring font encoding OML on input line 743.
LaTeX Font Info:    Redeclaring font encoding OMS on input line 744.
\macc@depth=\count197
\c@MaxMatrixCols=\count198
\dotsspace@=\muskip16
\c@parentequation=\count199
\dspbrk@lvl=\count266
\tag@help=\toks21
\row@=\count267
\column@=\count268
\maxfields@=\count269
\andhelp@=\toks22
\eqnshift@=\dimen151
\alignsep@=\dimen152
\tagshift@=\dimen153
\tagwidth@=\dimen154
\totwidth@=\dimen155
\lineht@=\dimen156
\@envbody=\toks23
\multlinegap=\skip51
\multlinetaggap=\skip52
\mathdisplay@stack=\toks24
LaTeX Info: Redefining \[ on input line 2923.
LaTeX Info: Redefining \] on input line 2924.
)
(/usr/share/texlive/texmf-dist/tex/latex/booktabs/booktabs.sty
Package: booktabs 2020/01/12 v1.61803398 Publication quality tables
\heavyrulewidth=\dimen157
\lightrulewidth=\dimen158
\cmidrulewidth=\dimen159
\belowrulesep=\dimen160
\belowbottomsep=\dimen161
\aboverulesep=\dimen162
\abovetopsep=\dimen163
\cmidrulesep=\dimen164
\cmidrulekern=\dimen165
\defaultaddspace=\dimen166
\@cmidla=\count270
\@cmidlb=\count271
\@aboverulesep=\dimen167
\@belowrulesep=\dimen168
\@thisruleclass=\count272
\@lastruleclass=\count273
\@thisrulewidth=\dimen169
)
(/usr/share/texlive/texmf-dist/tex/latex/graphics/graphicx.sty
Package: graphicx 2020/09/09 v1.2b Enhanced LaTeX Graphics (DPC,SPQR)

(/usr/share/texlive/texmf-dist/tex/latex/graphics/graphics.sty
Package: graphics 2020/08/30 v1.4c Standard LaTeX Graphics (DPC,SPQR)

(/usr/share/texlive/texmf-dist/tex/latex/graphics/trig.sty
Package: trig 2016/01/03 v1.10 sin cos tan (DPC)
)
(/usr/share/texlive/texmf-dist/tex/latex/graphics-cfg/graphics.cfg
File: graphics.cfg 2016/06/04 v1.11 sample graphics configuration
)
Package graphics Info: Driver file: pdftex.def on input line 105.

(/usr/share/texlive/texmf-dist/tex/latex/graphics-def/pdftex.def
File: pdftex.def 2020/10/05 v1.2a Graphics/color driver for pdftex
))
\Gin@req@height=\dimen170
\Gin@req@width=\dimen171
)
(/usr/share/texlive/texmf-dist/tex/latex/algorithms/algorithm.sty
Package: algorithm 2009/08/24 v0.1 Document Style `algorithm' - floating enviro
nment

(/usr/share/texlive/texmf-dist/tex/latex/float/float.sty
Package: float 2001/11/08 v1.3d Float enhancements (AL)
\c@float@type=\count274
\float@exts=\toks25
\float@box=\box49
\@float@everytoks=\toks26
\@floatcapt=\box50
)
(/usr/share/texlive/texmf-dist/tex/latex/base/ifthen.sty
Package: ifthen 2014/09/29 v1.1c Standard LaTeX ifthen package (DPC)
)
\@float@every@algorithm=\toks27
\c@algorithm=\count275
)
(/usr/share/texlive/texmf-dist/tex/latex/algorithms/algorithmic.sty
Package: algorithmic 2009/08/24 v0.1 Document Style `algorithmic'
\c@ALC@unique=\count276
\c@ALC@line=\count277
\c@ALC@rem=\count278
\c@ALC@depth=\count279
\ALC@tlm=\skip53
\algorithmicindent=\skip54
)
(/usr/share/texlive/texmf-dist/tex/latex/placeins/placeins.sty
Package: placeins 2005/04/18  v 2.2
)
(/usr/share/texlive/texmf-dist/tex/latex/sttools/flushend.sty
Package: flushend 2020/10/16 v3.5 Balancing columns in twocolumn mode
\flushend@@lastskip@a=\skip55
\flushend@@lastskip@b=\skip56
\flushend@@lastskip@c=\skip57
\flushend@@penalty@a=\count280
\var@@loop@iter=\count281
\flushend@@lastkern@a=\dimen172
\var@@temp@spread=\dimen173
\var@@temp@a=\dimen174
\var@@temp@loop=\dimen175
\flushend@@page@rule=\dimen176
\flushend@@varbox@a=\box51
\flushend@@varbox@c=\box52
\flushend@@tempbox@a=\box53
\flushend@@tempbox@c=\box54
\@viper=\box55
\hold@viper=\box56
\atColsBreak=\toks28
\atColsEnd=\toks29

(/usr/share/texlive/texmf-dist/tex/latex/etoolbox/etoolbox.sty
Package: etoolbox 2020/10/05 v2.5k e-TeX tools for LaTeX (JAW)
\etb@tempcnta=\count282
))
(/usr/share/texlive/texmf-dist/tex/latex/xcolor/xcolor.sty
Package: xcolor 2016/05/11 v2.12 LaTeX color extensions (UK)

(/usr/share/texlive/texmf-dist/tex/latex/graphics-cfg/color.cfg
File: color.cfg 2016/01/02 v1.6 sample color configuration
)
Package xcolor Info: Driver file: pdftex.def on input line 225.
Package xcolor Info: Model `cmy' substituted by `cmy0' on input line 1348.
Package xcolor Info: Model `hsb' substituted by `rgb' on input line 1352.
Package xcolor Info: Model `RGB' extended on input line 1364.
Package xcolor Info: Model `HTML' substituted by `rgb' on input line 1366.
Package xcolor Info: Model `Hsb' substituted by `hsb' on input line 1367.
Package xcolor Info: Model `tHsb' substituted by `hsb' on input line 1368.
Package xcolor Info: Model `HSB' substituted by `hsb' on input line 1369.
Package xcolor Info: Model `Gray' substituted by `gray' on input line 1370.
Package xcolor Info: Model `wave' substituted by `hsb' on input line 1371.
)
(/usr/share/texlive/texmf-dist/tex/latex/url/url.sty
\Urlmuskip=\muskip17
Package: url 2013/09/16  ver 3.4  Verb mode for urls, etc.
)
(/usr/share/texlive/texmf-dist/tex/latex/hyperref/hyperref.sty
Package: hyperref 2021-02-27 v7.00k Hypertext links for LaTeX

(/usr/share/texlive/texmf-dist/tex/generic/ltxcmds/ltxcmds.sty
Package: ltxcmds 2020-05-10 v1.25 LaTeX kernel commands for general use (HO)
)
(/usr/share/texlive/texmf-dist/tex/generic/pdftexcmds/pdftexcmds.sty
Package: pdftexcmds 2020-06-27 v0.33 Utility functions of pdfTeX for LuaTeX (HO
)

(/usr/share/texlive/texmf-dist/tex/generic/infwarerr/infwarerr.sty
Package: infwarerr 2019/12/03 v1.5 Providing info/warning/error messages (HO)
)
Package pdftexcmds Info: \pdf@primitive is available.
Package pdftexcmds Info: \pdf@ifprimitive is available.
Package pdftexcmds Info: \pdfdraftmode found.
)
(/usr/share/texlive/texmf-dist/tex/generic/kvsetkeys/kvsetkeys.sty
Package: kvsetkeys 2019/12/15 v1.18 Key value parser (HO)
)
(/usr/share/texlive/texmf-dist/tex/generic/kvdefinekeys/kvdefinekeys.sty
Package: kvdefinekeys 2019-12-19 v1.6 Define keys (HO)
)
(/usr/share/texlive/texmf-dist/tex/generic/pdfescape/pdfescape.sty
Package: pdfescape 2019/12/09 v1.15 Implements pdfTeX's escape features (HO)
)
(/usr/share/texlive/texmf-dist/tex/latex/hycolor/hycolor.sty
Package: hycolor 2020-01-27 v1.10 Color options for hyperref/bookmark (HO)
)
(/usr/share/texlive/texmf-dist/tex/latex/letltxmacro/letltxmacro.sty
Package: letltxmacro 2019/12/03 v1.6 Let assignment for LaTeX macros (HO)
)
(/usr/share/texlive/texmf-dist/tex/latex/auxhook/auxhook.sty
Package: auxhook 2019-12-17 v1.6 Hooks for auxiliary files (HO)
)
(/usr/share/texlive/texmf-dist/tex/latex/kvoptions/kvoptions.sty
Package: kvoptions 2020-10-07 v3.14 Key value format for package options (HO)
)
\@linkdim=\dimen177
\Hy@linkcounter=\count283
\Hy@pagecounter=\count284

(/usr/share/texlive/texmf-dist/tex/latex/hyperref/pd1enc.def
File: pd1enc.def 2021-02-27 v7.00k Hyperref: PDFDocEncoding definition (HO)
Now handling font encoding PD1 ...
... no UTF-8 mapping file for font encoding PD1
)
(/usr/share/texlive/texmf-dist/tex/latex/hyperref/hyperref-langpatches.def
File: hyperref-langpatches.def 2021-02-27 v7.00k Hyperref: patches for babel la
nguages
)
(/usr/share/texlive/texmf-dist/tex/generic/intcalc/intcalc.sty
Package: intcalc 2019/12/15 v1.3 Expandable calculations with integers (HO)
)
(/usr/share/texlive/texmf-dist/tex/generic/etexcmds/etexcmds.sty
Package: etexcmds 2019/12/15 v1.7 Avoid name clashes with e-TeX commands (HO)
)
\Hy@SavedSpaceFactor=\count285

(/usr/share/texlive/texmf-dist/tex/latex/hyperref/puenc.def
File: puenc.def 2021-02-27 v7.00k Hyperref: PDF Unicode definition (HO)
Now handling font encoding PU ...
... no UTF-8 mapping file for font encoding PU
)
Package hyperref Info: Hyper figures OFF on input line 4192.
Package hyperref Info: Link nesting OFF on input line 4197.
Package hyperref Info: Hyper index ON on input line 4200.
Package hyperref Info: Plain pages OFF on input line 4207.
Package hyperref Info: Backreferencing OFF on input line 4212.
Package hyperref Info: Implicit mode ON; LaTeX internals redefined.
Package hyperref Info: Bookmarks ON on input line 4445.
\c@Hy@tempcnt=\count286
LaTeX Info: Redefining \url on input line 4804.
\XeTeXLinkMargin=\dimen178

(/usr/share/texlive/texmf-dist/tex/generic/bitset/bitset.sty
Package: bitset 2019/12/09 v1.3 Handle bit-vector datatype (HO)

(/usr/share/texlive/texmf-dist/tex/generic/bigintcalc/bigintcalc.sty
Package: bigintcalc 2019/12/15 v1.5 Expandable calculations on big integers (HO
)
))
\Fld@menulength=\count287
\Field@Width=\dimen179
\Fld@charsize=\dimen180
Package hyperref Info: Hyper figures OFF on input line 6075.
Package hyperref Info: Link nesting OFF on input line 6080.
Package hyperref Info: Hyper index ON on input line 6083.
Package hyperref Info: backreferencing OFF on input line 6090.
Package hyperref Info: Link coloring OFF on input line 6095.
Package hyperref Info: Link coloring with OCG OFF on input line 6100.
Package hyperref Info: PDF/A mode OFF on input line 6105.
LaTeX Info: Redefining \ref on input line 6145.
LaTeX Info: Redefining \pageref on input line 6149.

(/usr/share/texlive/texmf-dist/tex/latex/base/atbegshi-ltx.sty
Package: atbegshi-ltx 2020/08/17 v1.0a Emulation of the original atbegshi packa
ge
with kernel methods
)
\Hy@abspage=\count288
\c@Item=\count289
\c@Hfootnote=\count290
)
Package hyperref Info: Driver (autodetected): hpdftex.

(/usr/share/texlive/texmf-dist/tex/latex/hyperref/hpdftex.def
File: hpdftex.def 2021-02-27 v7.00k Hyperref driver for pdfTeX

(/usr/share/texlive/texmf-dist/tex/latex/base/atveryend-ltx.sty
Package: atveryend-ltx 2020/08/19 v1.0a Emulation of the original atvery packag
e
with kernel methods
)
\Fld@listcount=\count291
\c@bookmark@seq@number=\count292

(/usr/share/texlive/texmf-dist/tex/latex/rerunfilecheck/rerunfilecheck.sty
Package: rerunfilecheck 2019/12/05 v1.9 Rerun checks for auxiliary files (HO)

(/usr/share/texlive/texmf-dist/tex/generic/uniquecounter/uniquecounter.sty
Package: uniquecounter 2019/12/15 v1.4 Provide unlimited unique counter (HO)
)
Package uniquecounter Info: New unique counter `rerunfilecheck' on input line 2
86.
)
\Hy@SectionHShift=\skip58
)
LaTeX Font Info:    Trying to load font information for T1+ptm on input line 33
.

(/usr/share/texlive/texmf-dist/tex/latex/psnfss/t1ptm.fd
File: t1ptm.fd 2001/06/04 font definitions for T1/ptm.
)
(/usr/share/texlive/texmf-dist/tex/latex/l3backend/l3backend-pdftex.def
File: l3backend-pdftex.def 2021-03-18 L3 backend support: PDF output (pdfTeX)
\l__color_backend_stack_int=\count293
\l__pdf_internal_box=\box57
)
(./main.aux)
\openout1 = `main.aux'.

LaTeX Font Info:    Checking defaults for OML/cmm/m/it on input line 33.
LaTeX Font Info:    ... okay on input line 33.
LaTeX Font Info:    Checking defaults for OMS/cmsy/m/n on input line 33.
LaTeX Font Info:    ... okay on input line 33.
LaTeX Font Info:    Checking defaults for OT1/cmr/m/n on input line 33.
LaTeX Font Info:    ... okay on input line 33.
LaTeX Font Info:    Checking defaults for T1/cmr/m/n on input line 33.
LaTeX Font Info:    ... okay on input line 33.
LaTeX Font Info:    Checking defaults for TS1/cmr/m/n on input line 33.
LaTeX Font Info:    ... okay on input line 33.
LaTeX Font Info:    Checking defaults for OMX/cmex/m/n on input line 33.
LaTeX Font Info:    ... okay on input line 33.
LaTeX Font Info:    Checking defaults for U/cmr/m/n on input line 33.
LaTeX Font Info:    ... okay on input line 33.
LaTeX Font Info:    Checking defaults for PD1/pdf/m/n on input line 33.
LaTeX Font Info:    ... okay on input line 33.
LaTeX Font Info:    Checking defaults for PU/pdf/m/n on input line 33.
LaTeX Font Info:    ... okay on input line 33.

*geometry* driver: auto-detecting
*geometry* detected driver: pdftex
*geometry* verbose mode - [ preamble ] result:
* driver: pdftex
* paper: <default>
* layout: <same size as paper>
* layoutoffset:(h,v)=(0.0pt,0.0pt)
* modes: 
* h-part:(L,W,R)=(54.2025pt, 505.89pt, 54.2025pt)
* v-part:(T,H,B)=(54.2025pt, 686.56499pt, 54.2025pt)
* \paperwidth=614.295pt
* \paperheight=794.96999pt
* \textwidth=505.89pt
* \textheight=686.56499pt
* \oddsidemargin=-18.06749pt
* \evensidemargin=-18.06749pt
* \topmargin=-55.06749pt
* \headheight=12.0pt
* \headsep=25.0pt
* \topskip=10.0pt
* \footskip=30.0pt
* \marginparwidth=4.0pt
* \marginparsep=10.0pt
* \columnsep=10.0pt
* \skip\footins=9.0pt plus 4.0pt minus 2.0pt
* \hoffset=0.0pt
* \voffset=0.0pt
* \mag=1000
* \@twocolumntrue
* \@twosidefalse
* \@mparswitchfalse
* \@reversemarginfalse
* (1in=72.27pt=25.4mm, 1cm=28.453pt)

LaTeX Info: Redefining \microtypecontext on input line 33.
Package microtype Info: Generating PDF output.
Package microtype Info: Character protrusion enabled (level 2).
Package microtype Info: Using default protrusion set `alltext'.
Package microtype Info: Automatic font expansion enabled (level 2),
(microtype)             stretch: 20, shrink: 20, step: 1, non-selected.
Package microtype Info: Using default expansion set `alltext-nott'.
LaTeX Info: Redefining \showhyphens on input line 33.
Package microtype Info: No adjustment of tracking.
Package microtype Info: No adjustment of interword spacing.
Package microtype Info: No adjustment of character kerning.
(/usr/share/texlive/texmf-dist/tex/latex/microtype/mt-ptm.cfg
File: mt-ptm.cfg 2006/04/20 v1.7 microtype config. file: Times (RS)
)
(/usr/share/texlive/texmf-dist/tex/context/base/mkii/supp-pdf.mkii
[Loading MPS to PDF converter (version 2006.09.02).]
\scratchcounter=\count294
\scratchdimen=\dimen181
\scratchbox=\box58
\nofMPsegments=\count295
\nofMParguments=\count296
\everyMPshowfont=\toks30
\MPscratchCnt=\count297
\MPscratchDim=\dimen182
\MPnumerator=\count298
\makeMPintoPDFobject=\count299
\everyMPtoPDFconversion=\toks31
) (/usr/share/texlive/texmf-dist/tex/latex/epstopdf-pkg/epstopdf-base.sty
Package: epstopdf-base 2020-01-24 v2.11 Base part for package epstopdf
Package epstopdf-base Info: Redefining graphics rule for `.eps' on input line 4
85.

(/usr/share/texlive/texmf-dist/tex/latex/latexconfig/epstopdf-sys.cfg
File: epstopdf-sys.cfg 2010/07/13 v1.3 Configuration of (r)epstopdf for TeX Liv
e
))
Package hyperref Info: Link coloring OFF on input line 33.

(/usr/share/texlive/texmf-dist/tex/latex/hyperref/nameref.sty
Package: nameref 2021-04-02 v2.47 Cross-referencing by name of section

(/usr/share/texlive/texmf-dist/tex/latex/refcount/refcount.sty
Package: refcount 2019/12/15 v3.6 Data extraction from label references (HO)
)
(/usr/share/texlive/texmf-dist/tex/generic/gettitlestring/gettitlestring.sty
Package: gettitlestring 2019/12/15 v1.6 Cleanup title references (HO)
)
\c@section@level=\count300
)
LaTeX Info: Redefining \ref on input line 33.
LaTeX Info: Redefining \pageref on input line 33.
LaTeX Info: Redefining \nameref on input line 33.

(./main.out) (./main.out)
\@outlinefile=\write3
\openout3 = `main.out'.


(/usr/share/texlive/texmf-dist/tex/latex/microtype/mt-cmr.cfg
File: mt-cmr.cfg 2013/05/19 v2.2 microtype config. file: Computer Modern Roman 
(RS)
)
Underfull \hbox (badness 10000) in paragraph at lines 37--46
\T1/ptm/m/n/10 (+20) Efficiency-oriented pro-ces-sors in-creas-ingly de-pend on

 []


Underfull \hbox (badness 1509) in paragraph at lines 37--46
\T1/ptm/m/n/10 (+20) workload-aware hard-ware adap-ta-tion: static choices for
 []


Underfull \hbox (badness 1394) in paragraph at lines 37--46
\T1/ptm/m/n/10 (+20) pre-dic-tors add stor-age and in-fer-ence com-plex-ity. Th
is
 []


Underfull \hbox (badness 1571) in paragraph at lines 49--53
\T1/ptm/m/n/10 (+20) Modern pro-ces-sors are built to be con-fig-urable. Volt-
 []

LaTeX Font Info:    Trying to load font information for TS1+ptm on input line 7
4.
(/usr/share/texlive/texmf-dist/tex/latex/psnfss/ts1ptm.fd
File: ts1ptm.fd 2001/06/04 font definitions for TS1/ptm.
)
Underfull \hbox (badness 4940) in paragraph at lines 75--76
[]\T1/ptm/m/n/10 (+20) A counter-family ab-la-tion method-ol-ogy that eval-
 []


Underfull \hbox (badness 2903) in paragraph at lines 75--76
\T1/ptm/m/n/10 (+20) u-ates cache, memory/off-core, branch-control, and
 []

[1{/usr/share/texlive/texmf-dist/fonts/map/pdftex/updmap/pdftex.map}


]
Underfull \vbox (badness 10000) has occurred while \output is active []

 [2]
LaTeX Font Info:    Trying to load font information for T1+pcr on input line 13
8.

(/usr/share/texlive/texmf-dist/tex/latex/psnfss/t1pcr.fd
File: t1pcr.fd 2001/06/04 font definitions for T1/pcr.
)
Package microtype Info: Loading generic protrusion settings for font family
(microtype)             `pcr' (encoding: T1).
(microtype)             For optimal results, create family-specific settings.
(microtype)             See the microtype manual for details.

Underfull \hbox (badness 2469) in paragraph at lines 138--142
\T1/ptm/m/n/10 (+20) in-struc-tions re-tired, cy-cles, branch in-struc-tions, b
ranch
 []


Underfull \hbox (badness 1259) in paragraph at lines 138--142
\T1/ptm/m/n/10 (+20) LLC misses, off-core de-mand data reads, and re-source
 []


Underfull \hbox (badness 6641) in paragraph at lines 138--142
\T1/pcr/m/n/10 inst_retired.any\T1/ptm/m/n/10 (+20) , \T1/pcr/m/n/10 cpu_clk_un
halted.thread\T1/ptm/m/n/10 (+20) ,
 []


Underfull \hbox (badness 10000) in paragraph at lines 138--142
\T1/pcr/m/n/10 br_inst_retired.all_branches\T1/ptm/m/n/10 (+20) ,
 []


Underfull \hbox (badness 10000) in paragraph at lines 138--142
\T1/pcr/m/n/10 br_misp_retired.all_branches\T1/ptm/m/n/10 (+20) ,
 []


Underfull \hbox (badness 10000) in paragraph at lines 138--142
\T1/pcr/m/n/10 mem_uops_retired.all_loads\T1/ptm/m/n/10 (+20) ,
 []


Underfull \hbox (badness 10000) in paragraph at lines 138--142
\T1/pcr/m/n/10 mem_uops_retired.all_stores\T1/ptm/m/n/10 (+20) ,
 []


Underfull \hbox (badness 10000) in paragraph at lines 138--142
\T1/pcr/m/n/10 longest_lat_cache.reference\T1/ptm/m/n/10 (+20) ,
 []


Underfull \hbox (badness 10000) in paragraph at lines 138--142
\T1/pcr/m/n/10 longest_lat_cache.miss\T1/ptm/m/n/10 (+20) ,
 []


Underfull \hbox (badness 10000) in paragraph at lines 138--142
\T1/pcr/m/n/10 offcore_requests.demand_data_rd\T1/ptm/m/n/10 (+20) , and
 []


Underfull \hbox (badness 1194) in paragraph at lines 145--149
\T1/ptm/m/n/10 (+20) names in-di-cate timing-derived be-hav-ior, in-clud-ing cy
-cle,
 []

[3]
Package hyperref Info: bookmark level for unknown algorithm defaults to 0 on in
put line 206.

Underfull \hbox (badness 1902) in paragraph at lines 251--256
\T1/ptm/m/n/10 (+20) The cor-re-la-tion ar-ti-fact re-ports an In-tel Xeon E5-2
680
 []


Underfull \hbox (badness 1622) in paragraph at lines 251--256
\T1/ptm/m/n/10 (+20) and 10 ms tar-get sam-pling in-ter-vals. The bench-mark
 []


Underfull \hbox (badness 10000) in paragraph at lines 251--256
\T1/ptm/m/n/10 (+20) der \T1/pcr/m/n/10 /scratch/kk6081/finals_dataset/set1\T1/
ptm/m/n/10 (+20) ,
 []


Underfull \hbox (badness 10000) in paragraph at lines 251--256
\T1/pcr/m/n/10 /scratch/kk6081/finals_dataset/set2\T1/ptm/m/n/10 (+20) , and
 []


Underfull \hbox (badness 6445) in paragraph at lines 251--256
\T1/pcr/m/n/10 /scratch/kk6081/finals_dataset/set3 \T1/ptm/m/n/10 (+20) in-clud
e
 []


Underfull \hbox (badness 6725) in paragraph at lines 251--256
\T1/ptm/m/n/10 (+20) PAR-SEC work-loads blacksc-holes, body-track, can-neal,
 []


Underfull \hbox (badness 1490) in paragraph at lines 251--256
\T1/ptm/m/n/10 (+20) split, and \T1/pcr/m/n/10 config_group_holdout \T1/ptm/m/n
/10 (+20) group-ing so that
 []

[4]
<../results_indep_study/tables/normalized/pearson_heatmap.png, id=272, 433.62pt
 x 433.62pt>
File: ../results_indep_study/tables/normalized/pearson_heatmap.png Graphic file
 (type png)
<use ../results_indep_study/tables/normalized/pearson_heatmap.png>
Package pdftex.def Info: ../results_indep_study/tables/normalized/pearson_heatm
ap.png  used on input line 290.
(pdftex.def)             Requested size: 247.94499pt x 247.94672pt.
<../results_indep_study/tables/normalized/spearman_heatmap.png, id=274, 433.62p
t x 433.62pt>
File: ../results_indep_study/tables/normalized/spearman_heatmap.png Graphic fil
e (type png)
<use ../results_indep_study/tables/normalized/spearman_heatmap.png>
Package pdftex.def Info: ../results_indep_study/tables/normalized/spearman_heat
map.png  used on input line 297.
(pdftex.def)             Requested size: 247.94499pt x 247.94672pt.
<../results_indep_study/tables/normalized/clustered_heatmap.png, id=275, 433.62
pt x 433.62pt>
File: ../results_indep_study/tables/normalized/clustered_heatmap.png Graphic fi
le (type png)
<use ../results_indep_study/tables/normalized/clustered_heatmap.png>
Package pdftex.def Info: ../results_indep_study/tables/normalized/clustered_hea
tmap.png  used on input line 304.
(pdftex.def)             Requested size: 247.94499pt x 247.94672pt.
<../results_indep_study/tables/normalized/dendrogram.png, id=276, 578.16pt x 36
1.35pt>
File: ../results_indep_study/tables/normalized/dendrogram.png Graphic file (typ
e png)
<use ../results_indep_study/tables/normalized/dendrogram.png>
Package pdftex.def Info: ../results_indep_study/tables/normalized/dendrogram.pn
g  used on input line 311.
(pdftex.def)             Requested size: 247.94499pt x 154.96394pt.
<../results_indep_study/tables/normalized/vif.png, id=277, 578.16pt x 433.62pt>

File: ../results_indep_study/tables/normalized/vif.png Graphic file (type png)
<use ../results_indep_study/tables/normalized/vif.png>
Package pdftex.def Info: ../results_indep_study/tables/normalized/vif.png  used
 on input line 318.
(pdftex.def)             Requested size: 247.94499pt x 185.95673pt.
<../results_indep_study/tables/normalized/top_correlations.png, id=278, 867.24p
t x 505.89pt>
File: ../results_indep_study/tables/normalized/top_correlations.png Graphic fil
e (type png)
<use ../results_indep_study/tables/normalized/top_correlations.png>
Package pdftex.def Info: ../results_indep_study/tables/normalized/top_correlati
ons.png  used on input line 325.
(pdftex.def)             Requested size: 247.94499pt x 144.62785pt.

Underfull \vbox (badness 10000) has occurred while \output is active []

 [5 <../results_indep_study/tables/normalized/pearson_heatmap.png> <../results_
indep_study/tables/normalized/spearman_heatmap.png>]
<figures/selected_vs_removed_counters.pdf, id=290, 809.42403pt x 260.17201pt>
File: figures/selected_vs_removed_counters.pdf Graphic file (type pdf)
<use figures/selected_vs_removed_counters.pdf>
Package pdftex.def Info: figures/selected_vs_removed_counters.pdf  used on inpu
t line 354.
(pdftex.def)             Requested size: 505.89pt x 162.60709pt.
 [6 <../results_indep_study/tables/normalized/clustered_heatmap.png> <../result
s_indep_study/tables/normalized/dendrogram.png> <../results_indep_study/tables/
normalized/vif.png> <../results_indep_study/tables/normalized/top_correlations.
png>]
<figures/accuracy_vs_counter_count.pdf, id=310, 462.52798pt x 260.17201pt>
File: figures/accuracy_vs_counter_count.pdf Graphic file (type pdf)
<use figures/accuracy_vs_counter_count.pdf>
Package pdftex.def Info: figures/accuracy_vs_counter_count.pdf  used on input l
ine 419.
(pdftex.def)             Requested size: 247.94499pt x 139.47052pt.
<figures/baseline_comparison.pdf, id=312, 751.60799pt x 252.945pt>
File: figures/baseline_comparison.pdf Graphic file (type pdf)
<use figures/baseline_comparison.pdf>
Package pdftex.def Info: figures/baseline_comparison.pdf  used on input line 43
8.
(pdftex.def)             Requested size: 247.94499pt x 83.44122pt.

Underfull \vbox (badness 10000) has occurred while \output is active []

 [7 <./figures/selected_vs_removed_counters.pdf> <./figures/accuracy_vs_counter
_count.pdf>]
<figures/tree_depth_vs_accuracy.pdf, id=396, 433.62pt x 245.718pt>
File: figures/tree_depth_vs_accuracy.pdf Graphic file (type pdf)
<use figures/tree_depth_vs_accuracy.pdf>
Package pdftex.def Info: figures/tree_depth_vs_accuracy.pdf  used on input line
 455.
(pdftex.def)             Requested size: 242.82503pt x 137.60114pt.
<figures/hardware_cost_vs_accuracy.pdf, id=397, 433.62pt x 245.718pt>
File: figures/hardware_cost_vs_accuracy.pdf Graphic file (type pdf)
<use figures/hardware_cost_vs_accuracy.pdf>
Package pdftex.def Info: figures/hardware_cost_vs_accuracy.pdf  used on input l
ine 460.
(pdftex.def)             Requested size: 242.82503pt x 137.60114pt.

Underfull \hbox (badness 2707) in paragraph at lines 507--512
\T1/ptm/m/n/10 (+20) loads/stores, LLC ref-er-ences, and LLC misses. The
 []

[8 <./figures/baseline_comparison.pdf>] (./main.bbl
Underfull \hbox (badness 1675) in paragraph at lines 25--28
[]\T1/ptm/m/n/9 (+20) Leo Breiman, Jerome H. Fried-man, Richard A. Ol-shen,
 []

[9 <./figures/tree_depth_vs_accuracy.pdf> <./figures/hardware_cost_vs_accuracy.
pdf>]
Underfull \hbox (badness 1242) in paragraph at lines 145--148
[]\T1/ptm/m/n/9 (+20) Linux perf de-vel-op-ers.  perf: Linux pro-fil-ing with p
er-
 []

[10])
- LAST -
Extra skip:0.10794pt
Left:21.0pt/1.94843pt
Right:21.0pt/1.84048pt
Output:21.5pt
 [11] (./main.aux)
Package rerunfilecheck Info: File `main.out' has not changed.
(rerunfilecheck)             Checksum: 2DF65546E7DD28DE02D4B30D991D003A;6133.
 ) 
Here is how much of TeX's memory you used:
 12638 strings out of 480932
 187621 string characters out of 5906277
 554475 words of memory out of 5000000
 29171 multiletter control sequences out of 15000+600000
 462534 words of font info for 314 fonts, out of 8000000 for 9000
 14 hyphenation exceptions out of 8191
 71i,18n,74p,540b,506s stack positions out of 5000i,500n,10000p,200000b,80000s
{/usr/share/texlive/texmf-dist/fonts/enc/dvips/base/8r.enc}</usr/share/texliv
e/texmf-dist/fonts/type1/public/amsfonts/cm/cmmi10.pfb></usr/share/texlive/texm
f-dist/fonts/type1/public/amsfonts/cm/cmmi7.pfb></usr/share/texlive/texmf-dist/
fonts/type1/public/amsfonts/cm/cmmi9.pfb></usr/share/texlive/texmf-dist/fonts/t
ype1/public/amsfonts/cm/cmr10.pfb></usr/share/texlive/texmf-dist/fonts/type1/pu
blic/amsfonts/cm/cmr6.pfb></usr/share/texlive/texmf-dist/fonts/type1/public/ams
fonts/cm/cmr7.pfb></usr/share/texlive/texmf-dist/fonts/type1/public/amsfonts/cm
/cmsy10.pfb></usr/share/texlive/texmf-dist/fonts/type1/urw/courier/ucrr8a.pfb><
/usr/share/texlive/texmf-dist/fonts/type1/urw/times/utmb8a.pfb></usr/share/texl
ive/texmf-dist/fonts/type1/urw/times/utmr8a.pfb></usr/share/texlive/texmf-dist/
fonts/type1/urw/times/utmri8a.pfb>
Output written on main.pdf (11 pages, 932798 bytes).
PDF statistics:
 602 PDF objects out of 1000 (max. 8388607)
 395 compressed objects within 4 object streams
 114 named destinations out of 1000 (max. 500000)
 56136 words of extra memory for PDF output out of 61914 (max. 10000000)

